// Jest Snapshot v1, https://goo.gl/fbAQLP

exports[`renders correctly 1`] = `
<div>
  <span>
    <header
      className="App-header"
    >
      <div
        className="MuiFormControl-root MuiTextField-root makeStyles-searchBar-1"
      >
        <label
          className="MuiFormLabel-root MuiInputLabel-root MuiInputLabel-formControl MuiInputLabel-animated MuiInputLabel-shrink MuiInputLabel-filled"
          data-shrink={true}
        >
          Search React's issues
        </label>
        <div
          className="MuiInputBase-root MuiFilledInput-root MuiFilledInput-underline MuiInputBase-formControl MuiInputBase-adornedStart MuiFilledInput-adornedStart"
          onClick={[Function]}
        >
          <div
            className="MuiInputAdornment-root MuiInputAdornment-filled MuiInputAdornment-positionStart"
          >
            <svg
              aria-hidden={true}
              className="MuiSvgIcon-root"
              focusable="false"
              viewBox="0 0 24 24"
            >
              <path
                d="M15.5 14h-.79l-.28-.27C15.41 12.59 16 11.11 16 9.5 16 5.91 13.09 3 9.5 3S3 5.91 3 9.5 5.91 16 9.5 16c1.61 0 3.09-.59 4.23-1.57l.27.28v.79l5 4.99L20.49 19l-4.99-5zm-6 0C7.01 14 5 11.99 5 9.5S7.01 5 9.5 5 14 7.01 14 9.5 11.99 14 9.5 14z"
              />
            </svg>
          </div>
          <input
            aria-invalid={false}
            autoFocus={false}
            className="MuiInputBase-input MuiFilledInput-input MuiInputBase-inputAdornedStart MuiFilledInput-inputAdornedStart"
            disabled={false}
            onAnimationStart={[Function]}
            onBlur={[Function]}
            onChange={[Function]}
            onFocus={[Function]}
            required={false}
            type="text"
            value=""
          />
        </div>
      </div>
      <ul
        className="MuiList-root makeStyles-root-2 MuiList-padding"
      >
        <div
          aria-disabled={false}
          className="MuiButtonBase-root MuiListItem-root MuiListItem-gutters MuiListItem-button"
          onBlur={[Function]}
          onDragLeave={[Function]}
          onFocus={[Function]}
          onKeyDown={[Function]}
          onKeyUp={[Function]}
          onMouseDown={[Function]}
          onMouseLeave={[Function]}
          onMouseUp={[Function]}
          onTouchEnd={[Function]}
          onTouchMove={[Function]}
          onTouchStart={[Function]}
          role="button"
          tabIndex={0}
        >
          <div
            className="MuiListItemText-root"
          >
            <span
              className="MuiTypography-root MuiListItemText-primary MuiTypography-body1 MuiTypography-displayBlock"
            >
              Nothing to display
            </span>
          </div>
        </div>
      </ul>
    </header>
  </span>
</div>
`;
